
C:\Users\mitul.gupta>node --version
v16.16.0

C:\Users\mitul.gupta>npm --version
npm WARN config global `--global`, `--local` are deprecated. Use `--location=global` instead.
8.11.0

C:\Users\mitul.gupta>node
Welcome to Node.js v16.16.0.
Type ".help" for more information.
> console.log("Hello Node.js!")
Hello Node.js!
undefined
> 2+3
5
> 2%5
2
> 5/2
2.5
> 2==3
false
> a=5
5
> b=a
5
> .help
.break    Sometimes you get stuck, this gets you out
.clear    Alias for .break
.editor   Enter editor mode
.exit     Exit the REPL
.help     Print this help message
.load     Load JS from a file into the REPL session
.save     Save all evaluated commands in this REPL session to a file

Press Ctrl+C to abort current expression, Ctrl+D to exit the REPL
> .exit

C:\Users\mitul.gupta>node
Welcome to Node.js v16.16.0.
Type ".help" for more information.
> .editor
// Entering editor mode (Ctrl+D to finish, Ctrl+C to cancel)
function Hello(name) {
console.log(`Hello ${name} \nWelcome to blazeclan \nHave a NICE day!!!`)}

undefined
> Hello("Vijay")
Hello Vijay
Welcome to blazeclan
Have a NICE day!!!
undefined


2[d]
> .save D:\NodeJs\first.js
Session saved to: D:\NodeJs\first.js
> .exit
2[e]
C:\Users\mitul.gupta>node
Welcome to Node.js v16.16.0.
Type ".help" for more information.
> .load D:\NodeJs\first.js
function Hello(name) {
console.log(`Hello ${name} \nWelcome to blazeclan \nHave a NICE day!!!`)}

Hello("Vijay")
Hello Vijay
Welcome to blazeclan
Have a NICE day!!!
undefined

[f]
> // CTRL+L
> 2+2
4
> _*5
20

[g]
> Number.
Number.__proto__             Number.hasOwnProperty
Number.isPrototypeOf         Number.propertyIsEnumerable
Number.toLocaleString        Number.valueOf

Number.apply                 Number.arguments
Number.bind                  Number.call
Number.caller                Number.constructor
Number.toString

Number.EPSILON               Number.MAX_SAFE_INTEGER
Number.MAX_VALUE             Number.MIN_SAFE_INTEGER
Number.MIN_VALUE             Number.NEGATIVE_INFINITY
Number.NaN                   Number.POSITIVE_INFINITY
Number.isFinite              Number.isInteger
Number.isNaN                 Number.isSafeInteger
Number.length                Number.name
Number.parseFloat            Number.parseInt
Number.prototype

> global
global      globalThis



3
C:\Users\mitul.gupta>node D:\NodeJs\repl.js
$ function Hi() {
... console.log("Hello")}

4
C:\Users\mitul.gupta>node D:\NodeJs\repl.js
$ Exiting REPL...

5
refer commandLineArgs.js file
6
consoleModule.js
escSeqColor.js
